// Jest Snapshot v1, https://goo.gl/fbAQLP

exports[`ChangeDate component should render correctly 1`] = `
<styled.div>
  <styled.button
    onClick={[Function]}
  >
    Previous Day
  </styled.button>
  <styled.button
    onClick={[Function]}
  >
    Next Day
  </styled.button>
</styled.div>
`;
