// Jest Snapshot v1, https://goo.gl/fbAQLP

exports[`Conditions component should render correctly 1`] = `
<styled.div>
  <img
    alt="name of icon"
    height="50"
    src="http://openweathermap.org/img/w/testIcon.png"
    width="50"
  />
  <styled.span>
    its probably raining
  </styled.span>
</styled.div>
`;
