// Jest Snapshot v1, https://goo.gl/fbAQLP

exports[`Temperature component should render correctly 1`] = `
<styled.div>
  High: 
  45555
  <styled.h1>
    15
  </styled.h1>
  Low: 
  -1222
</styled.div>
`;
